INFO:root:Section 4.1: Preliminary: Choosing a Backend
INFO:root:Setting the backend...
INFO:root:Done - took 0 ms
INFO:root:Enabling determinism - note that this may negatively affect performance!...
INFO:root:Done - took 0 ms
INFO:root:Setting seed...
INFO:root:Section 4.2: Observation Model Definition
INFO:jax._src.xla_bridge:Unable to initialize backend 'tpu': INTERNAL: Failed to open libtpu.so: libtpu.so: cannot open shared object file: No such file or directory
INFO:bayesflow:Using backend 'jax'
INFO:root:We can easily inspect the sampled priors and the simulated observables with:
observation_model(**ecology_model(**prior()))
INFO:root:{   'observed_t': array([0.  , 0.51, 1.01, 1.52, 2.02, 2.53, 3.03, 3.54, 4.04, 4.55]),
    'observed_x': array([1.14, 1.52, 1.82, 1.47, 0.89, 0.35, 0.75, 1.24, 1.85, 1.71]),
    'observed_y': array([1.07, 1.01, 1.95, 3.12, 2.76, 1.77, 1.11, 1.15, 1.55, 2.47])}
INFO:root:Section 4.3: Simulator
INFO:root:Creating a simulator using bf.make_simulator...
INFO:root:Done - took 0 ms
INFO:root:Sampling 100 trajectories from the simulator...
INFO:root:Done - took 44 ms
INFO:root:We can inspect the sampled trajectories with:
samples['alpha']
array([[1.47],
       [1.72],
       ...,
       [2.15],
       [2.67]], shape=(100, 1))
Or use them for diagnostics, or plotting:
INFO:root:Plotting an example trajectory at figures/trajectory.pdf...
INFO:root:Done - took 199 ms
INFO:root:Section 4.4: End-to-End Posterior Estimation With Raw Data
INFO:root:Building the adapter for raw data...
INFO:root:Done - took 0 ms
INFO:root:Creating neural networks...
INFO:root:Done - took 22 ms
INFO:root:Building workflow...
INFO:root:Done - took 1 ms
INFO:root:Simulating training and validation data...
INFO:root:Done - took 2495 ms
INFO:root:Fitting workflow on pre-simulated data...
INFO:bayesflow:Fitting on dataset instance of OfflineDataset.
INFO:bayesflow:Building on a test batch.
INFO:bayesflow:Training completed in 56.30 seconds.
INFO:root:Done - took 56316 ms
INFO:root:Plotting default diagnostics at figures/...
INFO:root:Done - took 37643 ms
INFO:root:Computing posterior samples...
INFO:bayesflow:Sampling completed in 10.29 seconds.
INFO:root:Done - took 10291 ms
INFO:root:Creating posterior pair plot at figures/e2e_posterior_pairs.pdf...
INFO:root:Done - took 2873 ms
INFO:root:Generating resimulations from posterior...
INFO:bayesflow:Sampling completed in 9.11 seconds.
INFO:root:Done - took 9594 ms
INFO:root:Creating E2E trajectories at figures/e2e_trajectories.pdf...
INFO:root:Done - took 100 ms
INFO:root:Section 4.5: Expert Summary Statistics and Point Estimation
INFO:root:Creating expert simulator with summary statistics...
INFO:root:Done - took 0 ms
INFO:root:Building expert adapter...
INFO:root:Done - took 0 ms
INFO:root:Creating point inference network...
INFO:root:Done - took 10 ms
INFO:root:Building point estimation workflow...
INFO:root:Done - took 1 ms
INFO:root:Training point estimation workflow (online)...
INFO:bayesflow:Fitting on dataset instance of OnlineDataset.
INFO:bayesflow:Building on a test batch.
INFO:bayesflow:Training completed in 4.04 minutes.
INFO:root:Done - took 242278 ms
INFO:root:Computing point estimates...
INFO:bayesflow:Estimating completed in 0.59 seconds.
INFO:root:Done - took 802 ms
INFO:root:Creating recovery plot at figures/point_estimation_recovery.pdf...
INFO:root:Done - took 791 ms
INFO:root:Creating calibration ECDF plot at figures/point_estimation_calibration_ecdf.pdf...
INFO:root:Done - took 255 ms
INFO:root:Generating posterior samples from point estimation quantiles...
INFO:root:Done - took 8 ms
INFO:root:Generating resimulations from quantile-based posteriors...
INFO:root:Done - took 1284 ms
INFO:root:Plotting point-estimated trajectories at figures/point_estimation_trajectories.pdf...
INFO:root:Done - took 101 ms
INFO:root:Analysis complete!
INFO:root:Section 4.1: Preliminary: Choosing a Backend
INFO:root:Setting the backend...
INFO:root:Done - took 0 ms
INFO:root:Enabling determinism - note that this may negatively affect performance!...
INFO:root:Done - took 0 ms
INFO:root:Setting seed...
INFO:root:Section 4.2: Observation Model Definition
INFO:jax._src.xla_bridge:Unable to initialize backend 'tpu': INTERNAL: Failed to open libtpu.so: libtpu.so: cannot open shared object file: No such file or directory
INFO:bayesflow:Using backend 'jax'
INFO:root:We can easily inspect the sampled priors and the simulated observables with:
observation_model(**ecology_model(**prior()))
INFO:root:{   'observed_t': array([0.  , 0.51, 1.01, 1.52, 2.02, 2.53, 3.03, 3.54, 4.04, 4.55]),
    'observed_x': array([1.14, 1.52, 1.82, 1.47, 0.89, 0.35, 0.75, 1.24, 1.85, 1.71]),
    'observed_y': array([1.07, 1.01, 1.95, 3.12, 2.76, 1.77, 1.11, 1.15, 1.55, 2.47])}
INFO:root:Section 4.3: Simulator
INFO:root:Creating a simulator using bf.make_simulator...
INFO:root:Done - took 0 ms
INFO:root:Sampling 100 trajectories from the simulator...
INFO:root:Done - took 44 ms
INFO:root:We can inspect the sampled trajectories with:
samples['alpha']
array([[1.47],
       [1.72],
       ...,
       [2.15],
       [2.67]], shape=(100, 1))
Or use them for diagnostics, or plotting:
INFO:root:Plotting an example trajectory at figures/trajectory.pdf...
INFO:root:Done - took 212 ms
INFO:root:Section 4.4: End-to-End Posterior Estimation With Raw Data
INFO:root:Building the adapter for raw data...
INFO:root:Done - took 0 ms
INFO:root:Creating neural networks...
INFO:root:Done - took 23 ms
INFO:root:Building workflow...
INFO:root:Done - took 1 ms
INFO:root:Simulating training and validation data...
INFO:root:Done - took 2502 ms
INFO:root:Fitting workflow on pre-simulated data...
INFO:bayesflow:Fitting on dataset instance of OfflineDataset.
INFO:bayesflow:Building on a test batch.
INFO:bayesflow:Training completed in 56.31 seconds.
INFO:root:Done - took 56324 ms
INFO:root:Plotting default diagnostics at figures/...
INFO:root:Done - took 37716 ms
INFO:root:Computing posterior samples...
INFO:bayesflow:Sampling completed in 14.05 seconds.
INFO:root:Done - took 14051 ms
INFO:root:Creating posterior pair plot at figures/e2e_posterior_pairs.pdf...
INFO:root:Done - took 2952 ms
INFO:root:Generating resimulations from posterior...
INFO:bayesflow:Sampling completed in 9.57 seconds.
INFO:root:Done - took 10258 ms
INFO:root:Creating E2E trajectories at figures/e2e_trajectories.pdf...
INFO:root:Done - took 98 ms
INFO:root:Section 4.5: Expert Summary Statistics and Point Estimation
INFO:root:Creating expert simulator with summary statistics...
INFO:root:Done - took 0 ms
INFO:root:Building expert adapter...
INFO:root:Done - took 0 ms
INFO:root:Creating point inference network...
INFO:root:Done - took 10 ms
INFO:root:Building point estimation workflow...
INFO:root:Done - took 1 ms
INFO:root:Training point estimation workflow (online)...
INFO:bayesflow:Fitting on dataset instance of OnlineDataset.
INFO:bayesflow:Building on a test batch.
INFO:root:Done - took 10552 ms
INFO:root:Section 4.1: Preliminary: Choosing a Backend
INFO:root:Setting the backend...
INFO:root:Done - took 0 ms
INFO:root:Enabling determinism - note that this may negatively affect performance!...
INFO:root:Done - took 0 ms
INFO:root:Setting seed...
INFO:root:Section 4.2: Observation Model Definition
INFO:jax._src.xla_bridge:Unable to initialize backend 'tpu': INTERNAL: Failed to open libtpu.so: libtpu.so: cannot open shared object file: No such file or directory
INFO:bayesflow:Using backend 'jax'
INFO:root:We can easily inspect the sampled priors and the simulated observables with:
observation_model(**ecology_model(**prior()))
INFO:root:{   'observed_t': array([0.  , 0.51, 1.01, 1.52, 2.02, 2.53, 3.03, 3.54, 4.04, 4.55]),
    'observed_x': array([1.14, 1.52, 1.82, 1.47, 0.89, 0.35, 0.75, 1.24, 1.85, 1.71]),
    'observed_y': array([1.07, 1.01, 1.95, 3.12, 2.76, 1.77, 1.11, 1.15, 1.55, 2.47])}
INFO:root:Section 4.3: Simulator
INFO:root:Creating a simulator using bf.make_simulator...
INFO:root:Done - took 0 ms
INFO:root:Sampling 100 trajectories from the simulator...
INFO:root:Done - took 44 ms
INFO:root:We can inspect the sampled trajectories with:
samples['alpha']
array([[1.47],
       [1.72],
       ...,
       [2.15],
       [2.67]], shape=(100, 1))
Or use them for diagnostics, or plotting:
INFO:root:Plotting an example trajectory at figures/trajectory.pdf...
INFO:root:Done - took 206 ms
INFO:root:Section 4.4: End-to-End Posterior Estimation With Raw Data
INFO:root:Building the adapter for raw data...
INFO:root:Done - took 0 ms
INFO:root:Creating neural networks...
INFO:root:Done - took 22 ms
INFO:root:Building workflow...
INFO:root:Done - took 1 ms
INFO:root:Simulating training and validation data...
INFO:root:Done - took 2485 ms
INFO:root:Fitting workflow on pre-simulated data...
INFO:bayesflow:Fitting on dataset instance of OfflineDataset.
INFO:bayesflow:Building on a test batch.
INFO:bayesflow:Training completed in 56.81 seconds.
INFO:root:Done - took 56820 ms
INFO:root:Plotting default diagnostics at figures/...
INFO:root:Done - took 37783 ms
INFO:root:Computing posterior samples...
INFO:bayesflow:Sampling completed in 10.34 seconds.
INFO:root:Done - took 10339 ms
INFO:root:Creating posterior pair plot at figures/e2e_posterior_pairs.pdf...
INFO:root:Done - took 2855 ms
INFO:root:Generating resimulations from posterior...
INFO:bayesflow:Sampling completed in 9.14 seconds.
INFO:root:Done - took 9816 ms
INFO:root:Creating E2E trajectories at figures/e2e_trajectories.pdf...
INFO:root:Done - took 103 ms
INFO:root:Section 4.5: Expert Summary Statistics and Point Estimation
INFO:root:Creating expert simulator with summary statistics...
INFO:root:Done - took 0 ms
INFO:root:Building expert adapter...
INFO:root:Done - took 0 ms
INFO:root:Creating point inference network...
INFO:root:Done - took 10 ms
INFO:root:Building point estimation workflow...
INFO:root:Done - took 1 ms
INFO:root:Training point estimation workflow (online)...
INFO:bayesflow:Fitting on dataset instance of OnlineDataset.
INFO:bayesflow:Building on a test batch.
INFO:bayesflow:Training completed in 4.03 minutes.
INFO:root:Done - took 242028 ms
INFO:root:Computing point estimates...
INFO:bayesflow:Estimating completed in 0.60 seconds.
INFO:root:Done - took 814 ms
INFO:root:Creating recovery plot at figures/point_estimation_recovery.pdf...
INFO:root:Done - took 818 ms
INFO:root:Creating calibration ECDF plot at figures/point_estimation_calibration_ecdf.pdf...
INFO:root:Done - took 260 ms
INFO:root:Generating posterior samples from point estimation quantiles...
INFO:root:Done - took 9 ms
INFO:root:Generating resimulations from quantile-based posteriors...
INFO:root:Done - took 1295 ms
INFO:root:Plotting point-estimated trajectories at figures/point_estimation_trajectories.pdf...
INFO:root:Done - took 103 ms
INFO:root:Analysis complete!
